../Core/Src/main.c:80:5:main	72	static
../Core/Src/main.c:140:6:SystemClock_Config	88	static
../Core/Src/main.c:181:13:MX_ADC1_Init	24	static
../Core/Src/main.c:258:13:MX_I2C1_SMBUS_Init	8	static
../Core/Src/main.c:303:13:MX_TIM17_Init	88	static
../Core/Src/main.c:366:13:MX_USART2_UART_Init	8	static
../Core/Src/main.c:400:13:MX_DMA_Init	16	static
../Core/Src/main.c:418:13:MX_GPIO_Init	56	static
../Core/Src/main.c:485:6:HAL_ADC_ConvCpltCallback	16	static
../Core/Src/main.c:491:6:HAL_GPIO_EXTI_Falling_Callback	88	static,ignoring_inline_asm
../Core/Src/main.c:507:6:Error_Handler	8	static,ignoring_inline_asm
