00:19:53 **** Incremental Build of configuration Debug for project STM32G0 ****
make -j16 all 
arm-none-eabi-gcc "../Core/Src/main.c" -mcpu=cortex-m0plus -std=gnu11 -g3 -DDEBUG -DUSE_HAL_DRIVER -DSTM32G041xx -c -I../Core/Inc -I../Drivers/STM32G0xx_HAL_Driver/Inc -I../Drivers/STM32G0xx_HAL_Driver/Inc/Legacy -I../Drivers/CMSIS/Device/ST/STM32G0xx/Include -I../Drivers/CMSIS/Include -O0 -ffunction-sections -fdata-sections -Wall -fstack-usage -fcyclomatic-complexity -MMD -MP -MF"Core/Src/main.d" -MT"Core/Src/main.o" --specs=nano.specs -mfloat-abi=soft -mthumb -o "Core/Src/main.o"
arm-none-eabi-gcc -o "STM32G0.elf" @"objects.list"   -mcpu=cortex-m0plus -T"C:\Users\evanl\STM32CubeIDE\workspace_1.16.1\STM32G0\STM32G041C8TX_FLASH.ld" --specs=nosys.specs -Wl,-Map="STM32G0.map" -Wl,--gc-sections -static --specs=nano.specs -mfloat-abi=soft -mthumb -Wl,--start-group -lc -lm -Wl,--end-group
Finished building target: STM32G0.elf
 
arm-none-eabi-size  STM32G0.elf 
arm-none-eabi-objdump -h -S STM32G0.elf  > "STM32G0.list"
   text	   data	    bss	    dec	    hex	filename
  23220	     92	   2412	  25724	   647c	STM32G0.elf
Finished building: default.size.stdout
 
Finished building: STM32G0.list
 

00:19:55 Build Finished. 0 errors, 0 warnings. (took 2s.336ms)

